2026-07-22T18:59:18+0000: Falco version: 0.43.1 (x86_64)
2026-07-22T18:59:18+0000: Falco initialized with configuration files:
2026-07-22T18:59:18+0000:    /etc/falco/config.d/falco.container_plugin.yaml | schema validation: ok
2026-07-22T18:59:18+0000:    /etc/falco/config.d/falco.iso8601_timeformat.yaml | schema validation: ok
2026-07-22T18:59:18+0000:    /etc/falco/falco.yaml | schema validation: ok
2026-07-22T18:59:18+0000: System info: Linux version 7.1.3-arch1-2 (linux@archlinux) (gcc (GCC) 16.1.1 20260625, GNU ld (GNU Binutils) 2.46.1) #1 SMP PREEMPT_DYNAMIC Thu, 09 Jul 2026 19:55:55 +0000
2026-07-22T18:59:18+0000: Loaded plugin 'container@0.6.4' from file /usr/share/falco/plugins/libcontainer.so
2026-07-22T18:59:18+0000: [libs]: container: Enabled 'podman' container engine.
2026-07-22T18:59:18+0000: [libs]: container: * enabled container runtime socket at '/host/run/podman/podman.sock'
2026-07-22T18:59:18+0000: [libs]: container: Enabled 'docker' container engine.
2026-07-22T18:59:18+0000: [libs]: container: * enabled container runtime socket at '/host/var/run/docker.sock'
2026-07-22T18:59:18+0000: [libs]: container: Enabled 'cri' container engine.
2026-07-22T18:59:18+0000: [libs]: container: * enabled container runtime socket at '/host/run/containerd/containerd.sock'
2026-07-22T18:59:18+0000: [libs]: container: * enabled container runtime socket at '/host/run/crio/crio.sock'
2026-07-22T18:59:18+0000: [libs]: container: * enabled container runtime socket at '/host/run/k3s/containerd/containerd.sock'
2026-07-22T18:59:18+0000: [libs]: container: * enabled container runtime socket at '/host/run/host-containerd/containerd.sock'
2026-07-22T18:59:18+0000: [libs]: container: Enabled 'containerd' container engine.
2026-07-22T18:59:18+0000: [libs]: container: * enabled container runtime socket at '/host/run/host-containerd/containerd.sock'
2026-07-22T18:59:18+0000: [libs]: container: Enabled 'lxc' container engine.
2026-07-22T18:59:18+0000: [libs]: container: Enabled 'libvirt_lxc' container engine.
2026-07-22T18:59:18+0000: [libs]: container: Enabled 'bpm' container engine.
2026-07-22T18:59:18+0000: Loading rules from:
2026-07-22T18:59:18+0000:    /etc/falco/falco_rules.yaml | schema validation: ok
2026-07-22T18:59:18+0000:    /etc/falco/falco_rules.local.yaml | schema validation: none
2026-07-22T18:59:18+0000:    /etc/falco/rules.d/custom-rules.yaml | schema validation: ok
2026-07-22T18:59:18+0000: The chosen syscall buffer dimension is: 8388608 bytes (8 MBs)
2026-07-22T18:59:18+0000: Starting health webserver with threadiness 8, listening on 0.0.0.0:8765
2026-07-22T18:59:18+0000: Loaded event sources: syscall
2026-07-22T18:59:18+0000: Enabled event sources: syscall
2026-07-22T18:59:18+0000: Opening 'syscall' source with modern BPF probe.
2026-07-22T18:59:18+0000: One ring buffer every '2' CPUs.
2026-07-22T18:59:18+0000: [libs]: Trying to open the right engine!
2026-07-22T18:59:21+0000: [libs]: libbpf: failed to determine tracepoint 'syscalls/sys_enter_connect' perf event ID: No such file or directory
2026-07-22T18:59:21+0000: [libs]: libbpf: prog 'connect_e': failed to create tracepoint 'syscalls/sys_enter_connect' perf event: No such file or directory
2026-07-22T18:59:21+0000: [libs]: libpman: failure while attaching TOCTOU mitigation program for 'connect' system call. Detection will continue to work, but TOCTOU mitigation may not properly work (errno: 2 | message: No such file or director
2026-07-22T18:59:21+0000: [libs]: libbpf: failed to determine tracepoint 'syscalls/sys_enter_creat' perf event ID: No such file or directory
2026-07-22T18:59:21+0000: [libs]: libbpf: prog 'creat_e': failed to create tracepoint 'syscalls/sys_enter_creat' perf event: No such file or directory
2026-07-22T18:59:21+0000: [libs]: libpman: failure while attaching TOCTOU mitigation program for 'creat' system call. Detection will continue to work, but TOCTOU mitigation may not properly work (errno: 2 | message: No such file or directory)
2026-07-22T18:59:21+0000: [libs]: libbpf: failed to determine tracepoint 'syscalls/sys_enter_open' perf event ID: No such file or directory
2026-07-22T18:59:21+0000: [libs]: libbpf: prog 'open_e': failed to create tracepoint 'syscalls/sys_enter_open' perf event: No such file or directory
2026-07-22T18:59:21+0000: [libs]: libpman: failure while attaching TOCTOU mitigation program for 'open' system call. Detection will continue to work, but TOCTOU mitigation may not properly work (errno: 2 | message: No such file or directory)
2026-07-22T18:59:21+0000: [libs]: libbpf: failed to determine tracepoint 'syscalls/sys_enter_openat2' perf event ID: No such file or directory
2026-07-22T18:59:21+0000: [libs]: libbpf: prog 'openat2_e': failed to create tracepoint 'syscalls/sys_enter_openat2' perf event: No such file or directory
2026-07-22T18:59:21+0000: [libs]: libpman: failure while attaching TOCTOU mitigation program for 'openat2' system call. Detection will continue to work, but TOCTOU mitigation may not properly work (errno: 2 | message: No such file or director
2026-07-22T18:59:21+0000: [libs]: libbpf: failed to determine tracepoint 'syscalls/sys_enter_openat' perf event ID: No such file or directory
2026-07-22T18:59:21+0000: [libs]: libbpf: prog 'openat_e': failed to create tracepoint 'syscalls/sys_enter_openat' perf event: No such file or directory
2026-07-22T18:59:21+0000: [libs]: libpman: failure while attaching TOCTOU mitigation program for 'openat' system call. Detection will continue to work, but TOCTOU mitigation may not properly work (errno: 2 | message: No such file or directory
{"hostname":"6e60392e6b7d","output":"2026-07-22T19:01:29.874191979+0000: Warning Sensitive file opened for reading by non-trusted program | file=/etc/shadow gparent=<NA> ggparent=<NA> gggparent=<NA> evt_type=open user=root user_uid=0 user_loginuid=-1 process=cat proc_exepath=/bin/busybox parent=systemd command=cat /etc/shadow terminal=0 container_id=efccd9b43968 container_name=lab9-target container_image_repository=alpine container_image_tag=3.20 k8s_pod_name=<NA> k8s_ns_name=<NA>","output_fields":{"container.id":"efccd9b43968","container.image.repository":"alpine","container.image.tag":"3.20","container.name":"lab9-target","evt.time.iso8601":1784746889874191979,"evt.type":"open","fd.name":"/etc/shadow","k8s.ns.name":null,"k8s.pod.name":null,"proc.aname[2]":null,"proc.aname[3]":null,"proc.aname[4]":null,"proc.cmdline":"cat /etc/shadow","proc.exepath":"/bin/busybox","proc.name":"cat","proc.pname":"systemd","proc.tty":0,"user.loginuid":-1,"user.name":"root","user.uid":0},"priority":"Warning","rule":"Read sensitive file untrusted","source":"syscall","tags":["T1555","container","filesystem","host","maturity_stable","mitre_credential_access"],"time":"2026-07-22T19:01:29.874191979Z"}
{"hostname":"6e60392e6b7d","output":"2026-07-22T19:02:54.081387346+0000: Notice A shell was spawned in a container with an attached terminal | evt_type=execve user=root user_uid=0 user_loginuid=-1 process=sh proc_exepath=/bin/busybox parent=containerd-shim command=sh -lc echo shell-in-container terminal=34816 exe_flags=EXE_WRITABLE|EXE_LOWER_LAYER container_id=efccd9b43968 container_name=lab9-target container_image_repository=alpine container_image_tag=3.20 k8s_pod_name=<NA> k8s_ns_name=<NA>","output_fields":{"container.id":"efccd9b43968","container.image.repository":"alpine","container.image.tag":"3.20","container.name":"lab9-target","evt.arg.flags":"EXE_WRITABLE|EXE_LOWER_LAYER","evt.time.iso8601":1784746974081387346,"evt.type":"execve","k8s.ns.name":null,"k8s.pod.name":null,"proc.cmdline":"sh -lc echo shell-in-container","proc.exepath":"/bin/busybox","proc.name":"sh","proc.pname":"containerd-shim","proc.tty":34816,"user.loginuid":-1,"user.name":"root","user.uid":0},"priority":"Notice","rule":"Terminal shell in container","source":"syscall","tags":["T1059","container","maturity_stable","mitre_execution","shell"],"time":"2026-07-22T19:02:54.081387346Z"}
2026-07-22T19:03:10+0000: Falco version: 0.43.1 (x86_64)
2026-07-22T19:03:10+0000: Falco initialized with configuration files:
2026-07-22T19:03:10+0000:    /etc/falco/config.d/falco.container_plugin.yaml | schema validation: ok
2026-07-22T19:03:10+0000:    /etc/falco/config.d/falco.iso8601_timeformat.yaml | schema validation: ok
2026-07-22T19:03:10+0000:    /etc/falco/falco.yaml | schema validation: ok
2026-07-22T19:03:10+0000: System info: Linux version 7.1.3-arch1-2 (linux@archlinux) (gcc (GCC) 16.1.1 20260625, GNU ld (GNU Binutils) 2.46.1) #1 SMP PREEMPT_DYNAMIC Thu, 09 Jul 2026 19:55:55 +0000
2026-07-22T19:03:10+0000: Loaded plugin 'container@0.6.4' from file /usr/share/falco/plugins/libcontainer.so
2026-07-22T19:03:10+0000: [libs]: container: Enabled 'podman' container engine.
2026-07-22T19:03:10+0000: [libs]: container: * enabled container runtime socket at '/host/run/podman/podman.sock'
2026-07-22T19:03:10+0000: [libs]: container: Enabled 'docker' container engine.
2026-07-22T19:03:10+0000: [libs]: container: * enabled container runtime socket at '/host/var/run/docker.sock'
2026-07-22T19:03:10+0000: [libs]: container: Enabled 'cri' container engine.
2026-07-22T19:03:10+0000: [libs]: container: * enabled container runtime socket at '/host/run/containerd/containerd.sock'
2026-07-22T19:03:10+0000: [libs]: container: * enabled container runtime socket at '/host/run/crio/crio.sock'
2026-07-22T19:03:10+0000: [libs]: container: * enabled container runtime socket at '/host/run/k3s/containerd/containerd.sock'
2026-07-22T19:03:10+0000: [libs]: container: * enabled container runtime socket at '/host/run/host-containerd/containerd.sock'
2026-07-22T19:03:10+0000: [libs]: container: Enabled 'containerd' container engine.
2026-07-22T19:03:10+0000: [libs]: container: * enabled container runtime socket at '/host/run/host-containerd/containerd.sock'
2026-07-22T19:03:10+0000: [libs]: container: Enabled 'lxc' container engine.
2026-07-22T19:03:10+0000: [libs]: container: Enabled 'libvirt_lxc' container engine.
2026-07-22T19:03:10+0000: [libs]: container: Enabled 'bpm' container engine.
2026-07-22T19:03:10+0000: Loading rules from:
2026-07-22T19:03:10+0000:    /etc/falco/falco_rules.yaml | schema validation: ok
2026-07-22T19:03:10+0000:    /etc/falco/falco_rules.local.yaml | schema validation: none
2026-07-22T19:03:10+0000:    /etc/falco/rules.d/custom-rules.yaml | schema validation: ok
2026-07-22T19:03:10+0000: The chosen syscall buffer dimension is: 8388608 bytes (8 MBs)
2026-07-22T19:03:10+0000: SIGHUP received, restarting...
Syscall event drop monitoring:
   - event drop detected: 0 occurrences
   - num times actions taken: 0
2026-07-22T19:03:10+0000: Falco version: 0.43.1 (x86_64)
2026-07-22T19:03:10+0000: Falco initialized with configuration files:
2026-07-22T19:03:10+0000:    /etc/falco/config.d/falco.container_plugin.yaml | schema validation: ok
2026-07-22T19:03:10+0000:    /etc/falco/config.d/falco.iso8601_timeformat.yaml | schema validation: ok
2026-07-22T19:03:10+0000:    /etc/falco/falco.yaml | schema validation: ok
2026-07-22T19:03:10+0000: System info: Linux version 7.1.3-arch1-2 (linux@archlinux) (gcc (GCC) 16.1.1 20260625, GNU ld (GNU Binutils) 2.46.1) #1 SMP PREEMPT_DYNAMIC Thu, 09 Jul 2026 19:55:55 +0000
2026-07-22T19:03:10+0000: Loaded plugin 'container@0.6.4' from file /usr/share/falco/plugins/libcontainer.so
2026-07-22T19:03:10+0000: [libs]: container: Enabled 'podman' container engine.
2026-07-22T19:03:10+0000: [libs]: container: * enabled container runtime socket at '/host/run/podman/podman.sock'
2026-07-22T19:03:10+0000: [libs]: container: Enabled 'docker' container engine.
2026-07-22T19:03:10+0000: [libs]: container: * enabled container runtime socket at '/host/var/run/docker.sock'
2026-07-22T19:03:10+0000: [libs]: container: Enabled 'cri' container engine.
2026-07-22T19:03:10+0000: [libs]: container: * enabled container runtime socket at '/host/run/containerd/containerd.sock'
2026-07-22T19:03:10+0000: [libs]: container: * enabled container runtime socket at '/host/run/crio/crio.sock'
2026-07-22T19:03:10+0000: [libs]: container: * enabled container runtime socket at '/host/run/k3s/containerd/containerd.sock'
2026-07-22T19:03:10+0000: [libs]: container: * enabled container runtime socket at '/host/run/host-containerd/containerd.sock'
2026-07-22T19:03:10+0000: [libs]: container: Enabled 'containerd' container engine.
2026-07-22T19:03:10+0000: [libs]: container: * enabled container runtime socket at '/host/run/host-containerd/containerd.sock'
2026-07-22T19:03:10+0000: [libs]: container: Enabled 'lxc' container engine.
2026-07-22T19:03:10+0000: [libs]: container: Enabled 'libvirt_lxc' container engine.
2026-07-22T19:03:10+0000: [libs]: container: Enabled 'bpm' container engine.
2026-07-22T19:03:10+0000: Loading rules from:
2026-07-22T19:03:10+0000:    /etc/falco/falco_rules.yaml | schema validation: ok
2026-07-22T19:03:10+0000:    /etc/falco/falco_rules.local.yaml | schema validation: none
2026-07-22T19:03:10+0000:    /etc/falco/rules.d/custom-rules.yaml | schema validation: ok
2026-07-22T19:03:10+0000: The chosen syscall buffer dimension is: 8388608 bytes (8 MBs)
2026-07-22T19:03:10+0000: Starting health webserver with threadiness 8, listening on 0.0.0.0:8765
2026-07-22T19:03:10+0000: Loaded event sources: syscall
2026-07-22T19:03:10+0000: Enabled event sources: syscall
2026-07-22T19:03:10+0000: Opening 'syscall' source with modern BPF probe.
2026-07-22T19:03:10+0000: One ring buffer every '2' CPUs.
2026-07-22T19:03:10+0000: [libs]: Trying to open the right engine!
2026-07-22T19:03:16+0000: [libs]: libbpf: failed to determine tracepoint 'syscalls/sys_enter_connect' perf event ID: No such file or directory
2026-07-22T19:03:16+0000: [libs]: libbpf: prog 'connect_e': failed to create tracepoint 'syscalls/sys_enter_connect' perf event: No such file or directory
2026-07-22T19:03:16+0000: [libs]: libpman: failure while attaching TOCTOU mitigation program for 'connect' system call. Detection will continue to work, but TOCTOU mitigation may not properly work (errno: 2 | message: No such file or director
2026-07-22T19:03:16+0000: [libs]: libbpf: failed to determine tracepoint 'syscalls/sys_enter_creat' perf event ID: No such file or directory
2026-07-22T19:03:16+0000: [libs]: libbpf: prog 'creat_e': failed to create tracepoint 'syscalls/sys_enter_creat' perf event: No such file or directory
2026-07-22T19:03:16+0000: [libs]: libpman: failure while attaching TOCTOU mitigation program for 'creat' system call. Detection will continue to work, but TOCTOU mitigation may not properly work (errno: 2 | message: No such file or directory)
2026-07-22T19:03:16+0000: [libs]: libbpf: failed to determine tracepoint 'syscalls/sys_enter_open' perf event ID: No such file or directory
2026-07-22T19:03:16+0000: [libs]: libbpf: prog 'open_e': failed to create tracepoint 'syscalls/sys_enter_open' perf event: No such file or directory
2026-07-22T19:03:16+0000: [libs]: libpman: failure while attaching TOCTOU mitigation program for 'open' system call. Detection will continue to work, but TOCTOU mitigation may not properly work (errno: 2 | message: No such file or directory)
2026-07-22T19:03:16+0000: [libs]: libbpf: failed to determine tracepoint 'syscalls/sys_enter_openat2' perf event ID: No such file or directory
2026-07-22T19:03:16+0000: [libs]: libbpf: prog 'openat2_e': failed to create tracepoint 'syscalls/sys_enter_openat2' perf event: No such file or directory
2026-07-22T19:03:16+0000: [libs]: libpman: failure while attaching TOCTOU mitigation program for 'openat2' system call. Detection will continue to work, but TOCTOU mitigation may not properly work (errno: 2 | message: No such file or director
2026-07-22T19:03:16+0000: [libs]: libbpf: failed to determine tracepoint 'syscalls/sys_enter_openat' perf event ID: No such file or directory
2026-07-22T19:03:16+0000: [libs]: libbpf: prog 'openat_e': failed to create tracepoint 'syscalls/sys_enter_openat' perf event: No such file or directory
2026-07-22T19:03:16+0000: [libs]: libpman: failure while attaching TOCTOU mitigation program for 'openat' system call. Detection will continue to work, but TOCTOU mitigation may not properly work (errno: 2 | message: No such file or directory
Events detected: 2
Rule counts by severity:
   WARNING: 1
   NOTICE: 1
Triggered rules by rule name:
   Read sensitive file untrusted: 1
   Terminal shell in container: 1
{"hostname":"6e60392e6b7d","output":"2026-07-22T19:03:44.528226717+0000: Warning \"Write to /tmp detected (container=lab9-target user=root\n file=/tmp/my-write.txt cmdline=sh -lc echo \"test\" > /tmp/my-write.txt)\" container_id=efccd9b43968 container_name=lab9-target container_image_repository=alpine container_image_tag=3.20 k8s_pod_name=<NA> k8s_ns_name=<NA>","output_fields":{"container.id":"efccd9b43968","container.image.repository":"alpine","container.image.tag":"3.20","container.name":"lab9-target","evt.time.iso8601":1784747024528226717,"fd.name":"/tmp/my-write.txt","k8s.ns.name":null,"k8s.pod.name":null,"proc.cmdline":"sh -lc echo \"test\" > /tmp/my-write.txt","user.name":"root"},"priority":"Warning","rule":"Write to /tmp by container","source":"syscall","tags":["container","drift"],"time":"2026-07-22T19:03:44.528226717Z"}
2026-07-22T19:04:20+0000: Falco version: 0.43.1 (x86_64)
2026-07-22T19:04:20+0000: Falco initialized with configuration files:
2026-07-22T19:04:20+0000:    /etc/falco/config.d/falco.container_plugin.yaml | schema validation: ok
2026-07-22T19:04:20+0000:    /etc/falco/config.d/falco.iso8601_timeformat.yaml | schema validation: ok
2026-07-22T19:04:20+0000:    /etc/falco/falco.yaml | schema validation: ok
2026-07-22T19:04:20+0000: System info: Linux version 7.1.3-arch1-2 (linux@archlinux) (gcc (GCC) 16.1.1 20260625, GNU ld (GNU Binutils) 2.46.1) #1 SMP PREEMPT_DYNAMIC Thu, 09 Jul 2026 19:55:55 +0000
2026-07-22T19:04:20+0000: Loaded plugin 'container@0.6.4' from file /usr/share/falco/plugins/libcontainer.so
2026-07-22T19:04:20+0000: [libs]: container: Enabled 'podman' container engine.
2026-07-22T19:04:20+0000: [libs]: container: * enabled container runtime socket at '/host/run/podman/podman.sock'
2026-07-22T19:04:20+0000: [libs]: container: Enabled 'docker' container engine.
2026-07-22T19:04:20+0000: [libs]: container: * enabled container runtime socket at '/host/var/run/docker.sock'
2026-07-22T19:04:20+0000: [libs]: container: Enabled 'cri' container engine.
2026-07-22T19:04:20+0000: [libs]: container: * enabled container runtime socket at '/host/run/containerd/containerd.sock'
2026-07-22T19:04:20+0000: [libs]: container: * enabled container runtime socket at '/host/run/crio/crio.sock'
2026-07-22T19:04:20+0000: [libs]: container: * enabled container runtime socket at '/host/run/k3s/containerd/containerd.sock'
2026-07-22T19:04:20+0000: [libs]: container: * enabled container runtime socket at '/host/run/host-containerd/containerd.sock'
2026-07-22T19:04:20+0000: [libs]: container: Enabled 'containerd' container engine.
2026-07-22T19:04:20+0000: [libs]: container: * enabled container runtime socket at '/host/run/host-containerd/containerd.sock'
2026-07-22T19:04:20+0000: [libs]: container: Enabled 'lxc' container engine.
2026-07-22T19:04:20+0000: [libs]: container: Enabled 'libvirt_lxc' container engine.
2026-07-22T19:04:20+0000: [libs]: container: Enabled 'bpm' container engine.
2026-07-22T19:04:20+0000: Loading rules from:
2026-07-22T19:04:20+0000:    /etc/falco/falco_rules.yaml | schema validation: ok
2026-07-22T19:04:20+0000:    /etc/falco/falco_rules.local.yaml | schema validation: none
2026-07-22T19:04:20+0000:    /etc/falco/rules.d/custom-rules.yaml | schema validation: ok
2026-07-22T19:04:20+0000: The chosen syscall buffer dimension is: 8388608 bytes (8 MBs)
2026-07-22T19:04:20+0000: SIGHUP received, restarting...
Syscall event drop monitoring:
   - event drop detected: 0 occurrences
   - num times actions taken: 0
2026-07-22T19:04:20+0000: Falco version: 0.43.1 (x86_64)
2026-07-22T19:04:20+0000: Falco initialized with configuration files:
2026-07-22T19:04:20+0000:    /etc/falco/config.d/falco.container_plugin.yaml | schema validation: ok
2026-07-22T19:04:20+0000:    /etc/falco/config.d/falco.iso8601_timeformat.yaml | schema validation: ok
2026-07-22T19:04:20+0000:    /etc/falco/falco.yaml | schema validation: ok
2026-07-22T19:04:20+0000: System info: Linux version 7.1.3-arch1-2 (linux@archlinux) (gcc (GCC) 16.1.1 20260625, GNU ld (GNU Binutils) 2.46.1) #1 SMP PREEMPT_DYNAMIC Thu, 09 Jul 2026 19:55:55 +0000
2026-07-22T19:04:20+0000: Loaded plugin 'container@0.6.4' from file /usr/share/falco/plugins/libcontainer.so
2026-07-22T19:04:20+0000: [libs]: container: Enabled 'podman' container engine.
2026-07-22T19:04:20+0000: [libs]: container: * enabled container runtime socket at '/host/run/podman/podman.sock'
2026-07-22T19:04:20+0000: [libs]: container: Enabled 'docker' container engine.
2026-07-22T19:04:20+0000: [libs]: container: * enabled container runtime socket at '/host/var/run/docker.sock'
2026-07-22T19:04:20+0000: [libs]: container: Enabled 'cri' container engine.
2026-07-22T19:04:20+0000: [libs]: container: * enabled container runtime socket at '/host/run/containerd/containerd.sock'
2026-07-22T19:04:20+0000: [libs]: container: * enabled container runtime socket at '/host/run/crio/crio.sock'
2026-07-22T19:04:20+0000: [libs]: container: * enabled container runtime socket at '/host/run/k3s/containerd/containerd.sock'
2026-07-22T19:04:20+0000: [libs]: container: * enabled container runtime socket at '/host/run/host-containerd/containerd.sock'
2026-07-22T19:04:20+0000: [libs]: container: Enabled 'containerd' container engine.
2026-07-22T19:04:20+0000: [libs]: container: * enabled container runtime socket at '/host/run/host-containerd/containerd.sock'
2026-07-22T19:04:20+0000: [libs]: container: Enabled 'lxc' container engine.
2026-07-22T19:04:20+0000: [libs]: container: Enabled 'libvirt_lxc' container engine.
2026-07-22T19:04:20+0000: [libs]: container: Enabled 'bpm' container engine.
2026-07-22T19:04:20+0000: Loading rules from:
2026-07-22T19:04:20+0000:    /etc/falco/falco_rules.yaml | schema validation: ok
2026-07-22T19:04:20+0000:    /etc/falco/falco_rules.local.yaml | schema validation: none
2026-07-22T19:04:20+0000:    /etc/falco/rules.d/custom-rules.yaml | schema validation: ok
2026-07-22T19:04:20+0000: The chosen syscall buffer dimension is: 8388608 bytes (8 MBs)
2026-07-22T19:04:20+0000: Starting health webserver with threadiness 8, listening on 0.0.0.0:8765
2026-07-22T19:04:20+0000: Loaded event sources: syscall
2026-07-22T19:04:20+0000: Enabled event sources: syscall
2026-07-22T19:04:20+0000: Opening 'syscall' source with modern BPF probe.
2026-07-22T19:04:20+0000: One ring buffer every '2' CPUs.
2026-07-22T19:04:20+0000: [libs]: Trying to open the right engine!
2026-07-22T19:04:25+0000: [libs]: libbpf: failed to determine tracepoint 'syscalls/sys_enter_connect' perf event ID: No such file or directory
2026-07-22T19:04:25+0000: [libs]: libbpf: prog 'connect_e': failed to create tracepoint 'syscalls/sys_enter_connect' perf event: No such file or directory
2026-07-22T19:04:25+0000: [libs]: libpman: failure while attaching TOCTOU mitigation program for 'connect' system call. Detection will continue to work, but TOCTOU mitigation may not properly work (errno: 2 | message: No such file or director
2026-07-22T19:04:25+0000: [libs]: libbpf: failed to determine tracepoint 'syscalls/sys_enter_creat' perf event ID: No such file or directory
2026-07-22T19:04:25+0000: [libs]: libbpf: prog 'creat_e': failed to create tracepoint 'syscalls/sys_enter_creat' perf event: No such file or directory
2026-07-22T19:04:25+0000: [libs]: libpman: failure while attaching TOCTOU mitigation program for 'creat' system call. Detection will continue to work, but TOCTOU mitigation may not properly work (errno: 2 | message: No such file or directory)
2026-07-22T19:04:25+0000: [libs]: libbpf: failed to determine tracepoint 'syscalls/sys_enter_open' perf event ID: No such file or directory
2026-07-22T19:04:25+0000: [libs]: libbpf: prog 'open_e': failed to create tracepoint 'syscalls/sys_enter_open' perf event: No such file or directory
2026-07-22T19:04:25+0000: [libs]: libpman: failure while attaching TOCTOU mitigation program for 'open' system call. Detection will continue to work, but TOCTOU mitigation may not properly work (errno: 2 | message: No such file or directory)
2026-07-22T19:04:25+0000: [libs]: libbpf: failed to determine tracepoint 'syscalls/sys_enter_openat2' perf event ID: No such file or directory
2026-07-22T19:04:25+0000: [libs]: libbpf: prog 'openat2_e': failed to create tracepoint 'syscalls/sys_enter_openat2' perf event: No such file or directory
2026-07-22T19:04:25+0000: [libs]: libpman: failure while attaching TOCTOU mitigation program for 'openat2' system call. Detection will continue to work, but TOCTOU mitigation may not properly work (errno: 2 | message: No such file or director
2026-07-22T19:04:25+0000: [libs]: libbpf: failed to determine tracepoint 'syscalls/sys_enter_openat' perf event ID: No such file or directory
2026-07-22T19:04:25+0000: [libs]: libbpf: prog 'openat_e': failed to create tracepoint 'syscalls/sys_enter_openat' perf event: No such file or directory
2026-07-22T19:04:25+0000: [libs]: libpman: failure while attaching TOCTOU mitigation program for 'openat' system call. Detection will continue to work, but TOCTOU mitigation may not properly work (errno: 2 | message: No such file or directory
2026-07-22T19:04:45+0000: Falco version: 0.43.1 (x86_64)
2026-07-22T19:04:45+0000: Falco initialized with configuration files:
2026-07-22T19:04:45+0000:    /etc/falco/config.d/falco.container_plugin.yaml | schema validation: ok
2026-07-22T19:04:45+0000:    /etc/falco/config.d/falco.iso8601_timeformat.yaml | schema validation: ok
2026-07-22T19:04:45+0000:    /etc/falco/falco.yaml | schema validation: ok
2026-07-22T19:04:45+0000: System info: Linux version 7.1.3-arch1-2 (linux@archlinux) (gcc (GCC) 16.1.1 20260625, GNU ld (GNU Binutils) 2.46.1) #1 SMP PREEMPT_DYNAMIC Thu, 09 Jul 2026 19:55:55 +0000
2026-07-22T19:04:45+0000: Loaded plugin 'container@0.6.4' from file /usr/share/falco/plugins/libcontainer.so
2026-07-22T19:04:45+0000: [libs]: container: Enabled 'podman' container engine.
2026-07-22T19:04:45+0000: [libs]: container: * enabled container runtime socket at '/host/run/podman/podman.sock'
2026-07-22T19:04:45+0000: [libs]: container: Enabled 'docker' container engine.
2026-07-22T19:04:45+0000: [libs]: container: * enabled container runtime socket at '/host/var/run/docker.sock'
2026-07-22T19:04:45+0000: [libs]: container: Enabled 'cri' container engine.
2026-07-22T19:04:45+0000: [libs]: container: * enabled container runtime socket at '/host/run/containerd/containerd.sock'
2026-07-22T19:04:45+0000: [libs]: container: * enabled container runtime socket at '/host/run/crio/crio.sock'
2026-07-22T19:04:45+0000: [libs]: container: * enabled container runtime socket at '/host/run/k3s/containerd/containerd.sock'
2026-07-22T19:04:45+0000: [libs]: container: * enabled container runtime socket at '/host/run/host-containerd/containerd.sock'
2026-07-22T19:04:45+0000: [libs]: container: Enabled 'containerd' container engine.
2026-07-22T19:04:45+0000: [libs]: container: * enabled container runtime socket at '/host/run/host-containerd/containerd.sock'
2026-07-22T19:04:45+0000: [libs]: container: Enabled 'lxc' container engine.
2026-07-22T19:04:45+0000: [libs]: container: Enabled 'libvirt_lxc' container engine.
2026-07-22T19:04:45+0000: [libs]: container: Enabled 'bpm' container engine.
2026-07-22T19:04:45+0000: Loading rules from:
2026-07-22T19:04:45+0000:    /etc/falco/falco_rules.yaml | schema validation: ok
2026-07-22T19:04:45+0000:    /etc/falco/falco_rules.local.yaml | schema validation: none
2026-07-22T19:04:45+0000:    /etc/falco/rules.d/custom-rules.yaml | schema validation: ok
2026-07-22T19:04:45+0000: The chosen syscall buffer dimension is: 8388608 bytes (8 MBs)
2026-07-22T19:04:45+0000: SIGHUP received, restarting...
Syscall event drop monitoring:
   - event drop detected: 0 occurrences
   - num times actions taken: 0
Events detected: 1
Rule counts by severity:
   WARNING: 1
Triggered rules by rule name:
   Write to /tmp by container: 1
2026-07-22T19:04:45+0000: Falco version: 0.43.1 (x86_64)
2026-07-22T19:04:45+0000: Falco initialized with configuration files:
2026-07-22T19:04:45+0000:    /etc/falco/config.d/falco.container_plugin.yaml | schema validation: ok
2026-07-22T19:04:45+0000:    /etc/falco/config.d/falco.iso8601_timeformat.yaml | schema validation: ok
2026-07-22T19:04:45+0000:    /etc/falco/falco.yaml | schema validation: ok
2026-07-22T19:04:45+0000: System info: Linux version 7.1.3-arch1-2 (linux@archlinux) (gcc (GCC) 16.1.1 20260625, GNU ld (GNU Binutils) 2.46.1) #1 SMP PREEMPT_DYNAMIC Thu, 09 Jul 2026 19:55:55 +0000
2026-07-22T19:04:45+0000: Loaded plugin 'container@0.6.4' from file /usr/share/falco/plugins/libcontainer.so
2026-07-22T19:04:45+0000: [libs]: container: Enabled 'podman' container engine.
2026-07-22T19:04:45+0000: [libs]: container: * enabled container runtime socket at '/host/run/podman/podman.sock'
2026-07-22T19:04:45+0000: [libs]: container: Enabled 'docker' container engine.
2026-07-22T19:04:45+0000: [libs]: container: * enabled container runtime socket at '/host/var/run/docker.sock'
2026-07-22T19:04:45+0000: [libs]: container: Enabled 'cri' container engine.
2026-07-22T19:04:45+0000: [libs]: container: * enabled container runtime socket at '/host/run/containerd/containerd.sock'
2026-07-22T19:04:45+0000: [libs]: container: * enabled container runtime socket at '/host/run/crio/crio.sock'
2026-07-22T19:04:45+0000: [libs]: container: * enabled container runtime socket at '/host/run/k3s/containerd/containerd.sock'
2026-07-22T19:04:45+0000: [libs]: container: * enabled container runtime socket at '/host/run/host-containerd/containerd.sock'
2026-07-22T19:04:45+0000: [libs]: container: Enabled 'containerd' container engine.
2026-07-22T19:04:45+0000: [libs]: container: * enabled container runtime socket at '/host/run/host-containerd/containerd.sock'
2026-07-22T19:04:45+0000: [libs]: container: Enabled 'lxc' container engine.
2026-07-22T19:04:45+0000: [libs]: container: Enabled 'libvirt_lxc' container engine.
2026-07-22T19:04:45+0000: [libs]: container: Enabled 'bpm' container engine.
2026-07-22T19:04:45+0000: Loading rules from:
2026-07-22T19:04:45+0000:    /etc/falco/falco_rules.yaml | schema validation: ok
2026-07-22T19:04:45+0000:    /etc/falco/falco_rules.local.yaml | schema validation: none
2026-07-22T19:04:45+0000:    /etc/falco/rules.d/custom-rules.yaml | schema validation: ok
2026-07-22T19:04:45+0000: The chosen syscall buffer dimension is: 8388608 bytes (8 MBs)
2026-07-22T19:04:45+0000: Starting health webserver with threadiness 8, listening on 0.0.0.0:8765
2026-07-22T19:04:45+0000: Loaded event sources: syscall
2026-07-22T19:04:45+0000: Enabled event sources: syscall
2026-07-22T19:04:45+0000: Opening 'syscall' source with modern BPF probe.
2026-07-22T19:04:45+0000: One ring buffer every '2' CPUs.
2026-07-22T19:04:45+0000: [libs]: Trying to open the right engine!
2026-07-22T19:04:49+0000: [libs]: libbpf: failed to determine tracepoint 'syscalls/sys_enter_connect' perf event ID: No such file or directory
2026-07-22T19:04:49+0000: [libs]: libbpf: prog 'connect_e': failed to create tracepoint 'syscalls/sys_enter_connect' perf event: No such file or directory
2026-07-22T19:04:49+0000: [libs]: libpman: failure while attaching TOCTOU mitigation program for 'connect' system call. Detection will continue to work, but TOCTOU mitigation may not properly work (errno: 2 | message: No such file or director
2026-07-22T19:04:49+0000: [libs]: libbpf: failed to determine tracepoint 'syscalls/sys_enter_creat' perf event ID: No such file or directory
2026-07-22T19:04:49+0000: [libs]: libbpf: prog 'creat_e': failed to create tracepoint 'syscalls/sys_enter_creat' perf event: No such file or directory
2026-07-22T19:04:49+0000: [libs]: libpman: failure while attaching TOCTOU mitigation program for 'creat' system call. Detection will continue to work, but TOCTOU mitigation may not properly work (errno: 2 | message: No such file or directory)
2026-07-22T19:04:49+0000: [libs]: libbpf: failed to determine tracepoint 'syscalls/sys_enter_open' perf event ID: No such file or directory
2026-07-22T19:04:49+0000: [libs]: libbpf: prog 'open_e': failed to create tracepoint 'syscalls/sys_enter_open' perf event: No such file or directory
2026-07-22T19:04:49+0000: [libs]: libpman: failure while attaching TOCTOU mitigation program for 'open' system call. Detection will continue to work, but TOCTOU mitigation may not properly work (errno: 2 | message: No such file or directory)
2026-07-22T19:04:49+0000: [libs]: libbpf: failed to determine tracepoint 'syscalls/sys_enter_openat2' perf event ID: No such file or directory
2026-07-22T19:04:49+0000: [libs]: libbpf: prog 'openat2_e': failed to create tracepoint 'syscalls/sys_enter_openat2' perf event: No such file or directory
2026-07-22T19:04:49+0000: [libs]: libpman: failure while attaching TOCTOU mitigation program for 'openat2' system call. Detection will continue to work, but TOCTOU mitigation may not properly work (errno: 2 | message: No such file or director
2026-07-22T19:04:49+0000: [libs]: libbpf: failed to determine tracepoint 'syscalls/sys_enter_openat' perf event ID: No such file or directory
2026-07-22T19:04:49+0000: [libs]: libbpf: prog 'openat_e': failed to create tracepoint 'syscalls/sys_enter_openat' perf event: No such file or directory
2026-07-22T19:04:49+0000: [libs]: libpman: failure while attaching TOCTOU mitigation program for 'openat' system call. Detection will continue to work, but TOCTOU mitigation may not properly work (errno: 2 | message: No such file or directory
2026-07-22T19:07:29+0000: Falco version: 0.43.1 (x86_64)
2026-07-22T19:07:29+0000: Falco initialized with configuration files:
2026-07-22T19:07:29+0000:    /etc/falco/config.d/falco.container_plugin.yaml | schema validation: ok
2026-07-22T19:07:29+0000:    /etc/falco/config.d/falco.iso8601_timeformat.yaml | schema validation: ok
2026-07-22T19:07:29+0000:    /etc/falco/falco.yaml | schema validation: ok
2026-07-22T19:07:29+0000: System info: Linux version 7.1.3-arch1-2 (linux@archlinux) (gcc (GCC) 16.1.1 20260625, GNU ld (GNU Binutils) 2.46.1) #1 SMP PREEMPT_DYNAMIC Thu, 09 Jul 2026 19:55:55 +0000
2026-07-22T19:07:29+0000: Loaded plugin 'container@0.6.4' from file /usr/share/falco/plugins/libcontainer.so
2026-07-22T19:07:29+0000: [libs]: container: Enabled 'podman' container engine.
2026-07-22T19:07:29+0000: [libs]: container: * enabled container runtime socket at '/host/run/podman/podman.sock'
2026-07-22T19:07:29+0000: [libs]: container: Enabled 'docker' container engine.
2026-07-22T19:07:29+0000: [libs]: container: * enabled container runtime socket at '/host/var/run/docker.sock'
2026-07-22T19:07:29+0000: [libs]: container: Enabled 'cri' container engine.
2026-07-22T19:07:29+0000: [libs]: container: * enabled container runtime socket at '/host/run/containerd/containerd.sock'
2026-07-22T19:07:29+0000: [libs]: container: * enabled container runtime socket at '/host/run/crio/crio.sock'
2026-07-22T19:07:29+0000: [libs]: container: * enabled container runtime socket at '/host/run/k3s/containerd/containerd.sock'
2026-07-22T19:07:29+0000: [libs]: container: * enabled container runtime socket at '/host/run/host-containerd/containerd.sock'
2026-07-22T19:07:29+0000: [libs]: container: Enabled 'containerd' container engine.
2026-07-22T19:07:29+0000: [libs]: container: * enabled container runtime socket at '/host/run/host-containerd/containerd.sock'
2026-07-22T19:07:29+0000: [libs]: container: Enabled 'lxc' container engine.
2026-07-22T19:07:29+0000: [libs]: container: Enabled 'libvirt_lxc' container engine.
2026-07-22T19:07:29+0000: [libs]: container: Enabled 'bpm' container engine.
2026-07-22T19:07:29+0000: Loading rules from:
2026-07-22T19:07:29+0000:    /etc/falco/falco_rules.yaml | schema validation: ok
2026-07-22T19:07:29+0000:    /etc/falco/falco_rules.local.yaml | schema validation: none
2026-07-22T19:07:29+0000:    /etc/falco/rules.d/custom-rules.yaml | schema validation: ok
2026-07-22T19:07:29+0000: The chosen syscall buffer dimension is: 8388608 bytes (8 MBs)
2026-07-22T19:07:30+0000: SIGHUP received, restarting...
Syscall event drop monitoring:
   - event drop detected: 0 occurrences
   - num times actions taken: 0
Events detected: 0
Rule counts by severity:
Triggered rules by rule name:
2026-07-22T19:07:30+0000: Falco version: 0.43.1 (x86_64)
2026-07-22T19:07:30+0000: Falco initialized with configuration files:
2026-07-22T19:07:30+0000:    /etc/falco/config.d/falco.container_plugin.yaml | schema validation: ok
2026-07-22T19:07:30+0000:    /etc/falco/config.d/falco.iso8601_timeformat.yaml | schema validation: ok
2026-07-22T19:07:30+0000:    /etc/falco/falco.yaml | schema validation: ok
2026-07-22T19:07:30+0000: System info: Linux version 7.1.3-arch1-2 (linux@archlinux) (gcc (GCC) 16.1.1 20260625, GNU ld (GNU Binutils) 2.46.1) #1 SMP PREEMPT_DYNAMIC Thu, 09 Jul 2026 19:55:55 +0000
2026-07-22T19:07:30+0000: Loaded plugin 'container@0.6.4' from file /usr/share/falco/plugins/libcontainer.so
2026-07-22T19:07:30+0000: [libs]: container: Enabled 'podman' container engine.
2026-07-22T19:07:30+0000: [libs]: container: * enabled container runtime socket at '/host/run/podman/podman.sock'
2026-07-22T19:07:30+0000: [libs]: container: Enabled 'docker' container engine.
2026-07-22T19:07:30+0000: [libs]: container: * enabled container runtime socket at '/host/var/run/docker.sock'
2026-07-22T19:07:30+0000: [libs]: container: Enabled 'cri' container engine.
2026-07-22T19:07:30+0000: [libs]: container: * enabled container runtime socket at '/host/run/containerd/containerd.sock'
2026-07-22T19:07:30+0000: [libs]: container: * enabled container runtime socket at '/host/run/crio/crio.sock'
2026-07-22T19:07:30+0000: [libs]: container: * enabled container runtime socket at '/host/run/k3s/containerd/containerd.sock'
2026-07-22T19:07:30+0000: [libs]: container: * enabled container runtime socket at '/host/run/host-containerd/containerd.sock'
2026-07-22T19:07:30+0000: [libs]: container: Enabled 'containerd' container engine.
2026-07-22T19:07:30+0000: [libs]: container: * enabled container runtime socket at '/host/run/host-containerd/containerd.sock'
2026-07-22T19:07:30+0000: [libs]: container: Enabled 'lxc' container engine.
2026-07-22T19:07:30+0000: [libs]: container: Enabled 'libvirt_lxc' container engine.
2026-07-22T19:07:30+0000: [libs]: container: Enabled 'bpm' container engine.
2026-07-22T19:07:30+0000: Loading rules from:
2026-07-22T19:07:30+0000:    /etc/falco/falco_rules.yaml | schema validation: ok
2026-07-22T19:07:30+0000:    /etc/falco/falco_rules.local.yaml | schema validation: none
2026-07-22T19:07:30+0000:    /etc/falco/rules.d/custom-rules.yaml | schema validation: ok
2026-07-22T19:07:30+0000: The chosen syscall buffer dimension is: 8388608 bytes (8 MBs)
2026-07-22T19:07:30+0000: Starting health webserver with threadiness 8, listening on 0.0.0.0:8765
2026-07-22T19:07:30+0000: Loaded event sources: syscall
2026-07-22T19:07:30+0000: Enabled event sources: syscall
2026-07-22T19:07:30+0000: Opening 'syscall' source with modern BPF probe.
2026-07-22T19:07:30+0000: One ring buffer every '2' CPUs.
2026-07-22T19:07:30+0000: [libs]: Trying to open the right engine!
2026-07-22T19:07:34+0000: [libs]: libbpf: failed to determine tracepoint 'syscalls/sys_enter_connect' perf event ID: No such file or directory
2026-07-22T19:07:34+0000: [libs]: libbpf: prog 'connect_e': failed to create tracepoint 'syscalls/sys_enter_connect' perf event: No such file or directory
2026-07-22T19:07:34+0000: [libs]: libpman: failure while attaching TOCTOU mitigation program for 'connect' system call. Detection will continue to work, but TOCTOU mitigation may not properly work (errno: 2 | message: No such file or director
2026-07-22T19:07:34+0000: [libs]: libbpf: failed to determine tracepoint 'syscalls/sys_enter_creat' perf event ID: No such file or directory
2026-07-22T19:07:34+0000: [libs]: libbpf: prog 'creat_e': failed to create tracepoint 'syscalls/sys_enter_creat' perf event: No such file or directory
2026-07-22T19:07:34+0000: [libs]: libpman: failure while attaching TOCTOU mitigation program for 'creat' system call. Detection will continue to work, but TOCTOU mitigation may not properly work (errno: 2 | message: No such file or directory)
2026-07-22T19:07:34+0000: [libs]: libbpf: failed to determine tracepoint 'syscalls/sys_enter_open' perf event ID: No such file or directory
2026-07-22T19:07:34+0000: [libs]: libbpf: prog 'open_e': failed to create tracepoint 'syscalls/sys_enter_open' perf event: No such file or directory
2026-07-22T19:07:34+0000: [libs]: libpman: failure while attaching TOCTOU mitigation program for 'open' system call. Detection will continue to work, but TOCTOU mitigation may not properly work (errno: 2 | message: No such file or directory)
2026-07-22T19:07:34+0000: [libs]: libbpf: failed to determine tracepoint 'syscalls/sys_enter_openat2' perf event ID: No such file or directory
2026-07-22T19:07:34+0000: [libs]: libbpf: prog 'openat2_e': failed to create tracepoint 'syscalls/sys_enter_openat2' perf event: No such file or directory
2026-07-22T19:07:34+0000: [libs]: libpman: failure while attaching TOCTOU mitigation program for 'openat2' system call. Detection will continue to work, but TOCTOU mitigation may not properly work (errno: 2 | message: No such file or director
2026-07-22T19:07:34+0000: [libs]: libbpf: failed to determine tracepoint 'syscalls/sys_enter_openat' perf event ID: No such file or directory
2026-07-22T19:07:34+0000: [libs]: libbpf: prog 'openat_e': failed to create tracepoint 'syscalls/sys_enter_openat' perf event: No such file or directory
2026-07-22T19:07:34+0000: [libs]: libpman: failure while attaching TOCTOU mitigation program for 'openat' system call. Detection will continue to work, but TOCTOU mitigation may not properly work (errno: 2 | message: No such file or directory
2026-07-22T19:07:35+0000: Falco version: 0.43.1 (x86_64)
2026-07-22T19:07:35+0000: Falco initialized with configuration files:
2026-07-22T19:07:35+0000:    /etc/falco/config.d/falco.container_plugin.yaml | schema validation: ok
2026-07-22T19:07:35+0000:    /etc/falco/config.d/falco.iso8601_timeformat.yaml | schema validation: ok
2026-07-22T19:07:35+0000:    /etc/falco/falco.yaml | schema validation: ok
2026-07-22T19:07:35+0000: System info: Linux version 7.1.3-arch1-2 (linux@archlinux) (gcc (GCC) 16.1.1 20260625, GNU ld (GNU Binutils) 2.46.1) #1 SMP PREEMPT_DYNAMIC Thu, 09 Jul 2026 19:55:55 +0000
2026-07-22T19:07:35+0000: Loaded plugin 'container@0.6.4' from file /usr/share/falco/plugins/libcontainer.so
2026-07-22T19:07:35+0000: [libs]: container: Enabled 'podman' container engine.
2026-07-22T19:07:35+0000: [libs]: container: * enabled container runtime socket at '/host/run/podman/podman.sock'
2026-07-22T19:07:35+0000: [libs]: container: Enabled 'docker' container engine.
2026-07-22T19:07:35+0000: [libs]: container: * enabled container runtime socket at '/host/var/run/docker.sock'
2026-07-22T19:07:35+0000: [libs]: container: Enabled 'cri' container engine.
2026-07-22T19:07:35+0000: [libs]: container: * enabled container runtime socket at '/host/run/containerd/containerd.sock'
2026-07-22T19:07:35+0000: [libs]: container: * enabled container runtime socket at '/host/run/crio/crio.sock'
2026-07-22T19:07:35+0000: [libs]: container: * enabled container runtime socket at '/host/run/k3s/containerd/containerd.sock'
2026-07-22T19:07:35+0000: [libs]: container: * enabled container runtime socket at '/host/run/host-containerd/containerd.sock'
2026-07-22T19:07:35+0000: [libs]: container: Enabled 'containerd' container engine.
2026-07-22T19:07:35+0000: [libs]: container: * enabled container runtime socket at '/host/run/host-containerd/containerd.sock'
2026-07-22T19:07:35+0000: [libs]: container: Enabled 'lxc' container engine.
2026-07-22T19:07:35+0000: [libs]: container: Enabled 'libvirt_lxc' container engine.
2026-07-22T19:07:35+0000: [libs]: container: Enabled 'bpm' container engine.
2026-07-22T19:07:35+0000: Loading rules from:
2026-07-22T19:07:35+0000:    /etc/falco/falco_rules.yaml | schema validation: ok
2026-07-22T19:07:35+0000:    /etc/falco/falco_rules.local.yaml | schema validation: none
2026-07-22T19:07:35+0000:    /etc/falco/rules.d/custom-rules.yaml | schema validation: ok
2026-07-22T19:07:35+0000: The chosen syscall buffer dimension is: 8388608 bytes (8 MBs)
2026-07-22T19:07:35+0000: SIGHUP received, restarting...
Syscall event drop monitoring:
   - event drop detected: 0 occurrences
   - num times actions taken: 0
Events detected: 0
Rule counts by severity:
Triggered rules by rule name:
2026-07-22T19:07:36+0000: Falco version: 0.43.1 (x86_64)
2026-07-22T19:07:36+0000: Falco initialized with configuration files:
2026-07-22T19:07:36+0000:    /etc/falco/config.d/falco.container_plugin.yaml | schema validation: ok
2026-07-22T19:07:36+0000:    /etc/falco/config.d/falco.iso8601_timeformat.yaml | schema validation: ok
2026-07-22T19:07:36+0000:    /etc/falco/falco.yaml | schema validation: ok
2026-07-22T19:07:36+0000: System info: Linux version 7.1.3-arch1-2 (linux@archlinux) (gcc (GCC) 16.1.1 20260625, GNU ld (GNU Binutils) 2.46.1) #1 SMP PREEMPT_DYNAMIC Thu, 09 Jul 2026 19:55:55 +0000
2026-07-22T19:07:36+0000: Loaded plugin 'container@0.6.4' from file /usr/share/falco/plugins/libcontainer.so
2026-07-22T19:07:36+0000: [libs]: container: Enabled 'podman' container engine.
2026-07-22T19:07:36+0000: [libs]: container: * enabled container runtime socket at '/host/run/podman/podman.sock'
2026-07-22T19:07:36+0000: [libs]: container: Enabled 'docker' container engine.
2026-07-22T19:07:36+0000: [libs]: container: * enabled container runtime socket at '/host/var/run/docker.sock'
2026-07-22T19:07:36+0000: [libs]: container: Enabled 'cri' container engine.
2026-07-22T19:07:36+0000: [libs]: container: * enabled container runtime socket at '/host/run/containerd/containerd.sock'
2026-07-22T19:07:36+0000: [libs]: container: * enabled container runtime socket at '/host/run/crio/crio.sock'
2026-07-22T19:07:36+0000: [libs]: container: * enabled container runtime socket at '/host/run/k3s/containerd/containerd.sock'
2026-07-22T19:07:36+0000: [libs]: container: * enabled container runtime socket at '/host/run/host-containerd/containerd.sock'
2026-07-22T19:07:36+0000: [libs]: container: Enabled 'containerd' container engine.
2026-07-22T19:07:36+0000: [libs]: container: * enabled container runtime socket at '/host/run/host-containerd/containerd.sock'
2026-07-22T19:07:36+0000: [libs]: container: Enabled 'lxc' container engine.
2026-07-22T19:07:36+0000: [libs]: container: Enabled 'libvirt_lxc' container engine.
2026-07-22T19:07:36+0000: [libs]: container: Enabled 'bpm' container engine.
2026-07-22T19:07:36+0000: Loading rules from:
2026-07-22T19:07:36+0000:    /etc/falco/falco_rules.yaml | schema validation: ok
2026-07-22T19:07:36+0000:    /etc/falco/falco_rules.local.yaml | schema validation: none
2026-07-22T19:07:36+0000:    /etc/falco/rules.d/custom-rules.yaml | schema validation: ok
2026-07-22T19:07:36+0000: The chosen syscall buffer dimension is: 8388608 bytes (8 MBs)
2026-07-22T19:07:36+0000: Starting health webserver with threadiness 8, listening on 0.0.0.0:8765
2026-07-22T19:07:36+0000: Loaded event sources: syscall
2026-07-22T19:07:36+0000: Enabled event sources: syscall
2026-07-22T19:07:36+0000: Opening 'syscall' source with modern BPF probe.
2026-07-22T19:07:36+0000: One ring buffer every '2' CPUs.
2026-07-22T19:07:36+0000: [libs]: Trying to open the right engine!
2026-07-22T19:07:39+0000: [libs]: libbpf: failed to determine tracepoint 'syscalls/sys_enter_connect' perf event ID: No such file or directory
2026-07-22T19:07:39+0000: [libs]: libbpf: prog 'connect_e': failed to create tracepoint 'syscalls/sys_enter_connect' perf event: No such file or directory
2026-07-22T19:07:39+0000: [libs]: libpman: failure while attaching TOCTOU mitigation program for 'connect' system call. Detection will continue to work, but TOCTOU mitigation may not properly work (errno: 2 | message: No such file or director
2026-07-22T19:07:39+0000: [libs]: libbpf: failed to determine tracepoint 'syscalls/sys_enter_creat' perf event ID: No such file or directory
2026-07-22T19:07:39+0000: [libs]: libbpf: prog 'creat_e': failed to create tracepoint 'syscalls/sys_enter_creat' perf event: No such file or directory
2026-07-22T19:07:39+0000: [libs]: libpman: failure while attaching TOCTOU mitigation program for 'creat' system call. Detection will continue to work, but TOCTOU mitigation may not properly work (errno: 2 | message: No such file or directory)
2026-07-22T19:07:39+0000: [libs]: libbpf: failed to determine tracepoint 'syscalls/sys_enter_open' perf event ID: No such file or directory
2026-07-22T19:07:39+0000: [libs]: libbpf: prog 'open_e': failed to create tracepoint 'syscalls/sys_enter_open' perf event: No such file or directory
2026-07-22T19:07:39+0000: [libs]: libpman: failure while attaching TOCTOU mitigation program for 'open' system call. Detection will continue to work, but TOCTOU mitigation may not properly work (errno: 2 | message: No such file or directory)
2026-07-22T19:07:39+0000: [libs]: libbpf: failed to determine tracepoint 'syscalls/sys_enter_openat2' perf event ID: No such file or directory
2026-07-22T19:07:39+0000: [libs]: libbpf: prog 'openat2_e': failed to create tracepoint 'syscalls/sys_enter_openat2' perf event: No such file or directory
2026-07-22T19:07:39+0000: [libs]: libpman: failure while attaching TOCTOU mitigation program for 'openat2' system call. Detection will continue to work, but TOCTOU mitigation may not properly work (errno: 2 | message: No such file or director
2026-07-22T19:07:39+0000: [libs]: libbpf: failed to determine tracepoint 'syscalls/sys_enter_openat' perf event ID: No such file or directory
2026-07-22T19:07:39+0000: [libs]: libbpf: prog 'openat_e': failed to create tracepoint 'syscalls/sys_enter_openat' perf event: No such file or directory
2026-07-22T19:07:39+0000: [libs]: libpman: failure while attaching TOCTOU mitigation program for 'openat' system call. Detection will continue to work, but TOCTOU mitigation may not properly work (errno: 2 | message: No such file or directory
2026-07-22T19:07:50+0000: Falco version: 0.43.1 (x86_64)
2026-07-22T19:07:50+0000: Falco initialized with configuration files:
2026-07-22T19:07:50+0000:    /etc/falco/config.d/falco.container_plugin.yaml | schema validation: ok
2026-07-22T19:07:50+0000:    /etc/falco/config.d/falco.iso8601_timeformat.yaml | schema validation: ok
2026-07-22T19:07:50+0000:    /etc/falco/falco.yaml | schema validation: ok
2026-07-22T19:07:50+0000: System info: Linux version 7.1.3-arch1-2 (linux@archlinux) (gcc (GCC) 16.1.1 20260625, GNU ld (GNU Binutils) 2.46.1) #1 SMP PREEMPT_DYNAMIC Thu, 09 Jul 2026 19:55:55 +0000
2026-07-22T19:07:50+0000: Loaded plugin 'container@0.6.4' from file /usr/share/falco/plugins/libcontainer.so
2026-07-22T19:07:50+0000: [libs]: container: Enabled 'podman' container engine.
2026-07-22T19:07:50+0000: [libs]: container: * enabled container runtime socket at '/host/run/podman/podman.sock'
2026-07-22T19:07:50+0000: [libs]: container: Enabled 'docker' container engine.
2026-07-22T19:07:50+0000: [libs]: container: * enabled container runtime socket at '/host/var/run/docker.sock'
2026-07-22T19:07:50+0000: [libs]: container: Enabled 'cri' container engine.
2026-07-22T19:07:50+0000: [libs]: container: * enabled container runtime socket at '/host/run/containerd/containerd.sock'
2026-07-22T19:07:50+0000: [libs]: container: * enabled container runtime socket at '/host/run/crio/crio.sock'
2026-07-22T19:07:50+0000: [libs]: container: * enabled container runtime socket at '/host/run/k3s/containerd/containerd.sock'
2026-07-22T19:07:50+0000: [libs]: container: * enabled container runtime socket at '/host/run/host-containerd/containerd.sock'
2026-07-22T19:07:50+0000: [libs]: container: Enabled 'containerd' container engine.
2026-07-22T19:07:50+0000: [libs]: container: * enabled container runtime socket at '/host/run/host-containerd/containerd.sock'
2026-07-22T19:07:50+0000: [libs]: container: Enabled 'lxc' container engine.
2026-07-22T19:07:50+0000: [libs]: container: Enabled 'libvirt_lxc' container engine.
2026-07-22T19:07:50+0000: [libs]: container: Enabled 'bpm' container engine.
2026-07-22T19:07:50+0000: Loading rules from:
2026-07-22T19:07:50+0000:    /etc/falco/falco_rules.yaml | schema validation: ok
2026-07-22T19:07:50+0000:    /etc/falco/falco_rules.local.yaml | schema validation: none
2026-07-22T19:07:50+0000:    /etc/falco/rules.d/custom-rules.yaml | schema validation: ok
2026-07-22T19:07:50+0000: The chosen syscall buffer dimension is: 8388608 bytes (8 MBs)
2026-07-22T19:07:50+0000: SIGHUP received, restarting...
Syscall event drop monitoring:
   - event drop detected: 0 occurrences
   - num times actions taken: 0
Events detected: 0
Rule counts by severity:
Triggered rules by rule name:
2026-07-22T19:07:50+0000: Falco version: 0.43.1 (x86_64)
2026-07-22T19:07:50+0000: Falco initialized with configuration files:
2026-07-22T19:07:50+0000:    /etc/falco/config.d/falco.container_plugin.yaml | schema validation: ok
2026-07-22T19:07:50+0000:    /etc/falco/config.d/falco.iso8601_timeformat.yaml | schema validation: ok
2026-07-22T19:07:50+0000:    /etc/falco/falco.yaml | schema validation: ok
2026-07-22T19:07:50+0000: System info: Linux version 7.1.3-arch1-2 (linux@archlinux) (gcc (GCC) 16.1.1 20260625, GNU ld (GNU Binutils) 2.46.1) #1 SMP PREEMPT_DYNAMIC Thu, 09 Jul 2026 19:55:55 +0000
2026-07-22T19:07:50+0000: Loaded plugin 'container@0.6.4' from file /usr/share/falco/plugins/libcontainer.so
2026-07-22T19:07:50+0000: [libs]: container: Enabled 'podman' container engine.
2026-07-22T19:07:50+0000: [libs]: container: * enabled container runtime socket at '/host/run/podman/podman.sock'
2026-07-22T19:07:50+0000: [libs]: container: Enabled 'docker' container engine.
2026-07-22T19:07:50+0000: [libs]: container: * enabled container runtime socket at '/host/var/run/docker.sock'
2026-07-22T19:07:50+0000: [libs]: container: Enabled 'cri' container engine.
2026-07-22T19:07:50+0000: [libs]: container: * enabled container runtime socket at '/host/run/containerd/containerd.sock'
2026-07-22T19:07:50+0000: [libs]: container: * enabled container runtime socket at '/host/run/crio/crio.sock'
2026-07-22T19:07:50+0000: [libs]: container: * enabled container runtime socket at '/host/run/k3s/containerd/containerd.sock'
2026-07-22T19:07:50+0000: [libs]: container: * enabled container runtime socket at '/host/run/host-containerd/containerd.sock'
2026-07-22T19:07:50+0000: [libs]: container: Enabled 'containerd' container engine.
2026-07-22T19:07:50+0000: [libs]: container: * enabled container runtime socket at '/host/run/host-containerd/containerd.sock'
2026-07-22T19:07:50+0000: [libs]: container: Enabled 'lxc' container engine.
2026-07-22T19:07:50+0000: [libs]: container: Enabled 'libvirt_lxc' container engine.
2026-07-22T19:07:50+0000: [libs]: container: Enabled 'bpm' container engine.
2026-07-22T19:07:50+0000: Loading rules from:
2026-07-22T19:07:50+0000:    /etc/falco/falco_rules.yaml | schema validation: ok
2026-07-22T19:07:50+0000:    /etc/falco/falco_rules.local.yaml | schema validation: none
2026-07-22T19:07:50+0000:    /etc/falco/rules.d/custom-rules.yaml | schema validation: ok
2026-07-22T19:07:50+0000: The chosen syscall buffer dimension is: 8388608 bytes (8 MBs)
2026-07-22T19:07:50+0000: Starting health webserver with threadiness 8, listening on 0.0.0.0:8765
2026-07-22T19:07:50+0000: Loaded event sources: syscall
2026-07-22T19:07:50+0000: Enabled event sources: syscall
2026-07-22T19:07:50+0000: Opening 'syscall' source with modern BPF probe.
2026-07-22T19:07:50+0000: One ring buffer every '2' CPUs.
2026-07-22T19:07:50+0000: [libs]: Trying to open the right engine!
2026-07-22T19:07:54+0000: [libs]: libbpf: failed to determine tracepoint 'syscalls/sys_enter_connect' perf event ID: No such file or directory
2026-07-22T19:07:54+0000: [libs]: libbpf: prog 'connect_e': failed to create tracepoint 'syscalls/sys_enter_connect' perf event: No such file or directory
2026-07-22T19:07:54+0000: [libs]: libpman: failure while attaching TOCTOU mitigation program for 'connect' system call. Detection will continue to work, but TOCTOU mitigation may not properly work (errno: 2 | message: No such file or director
2026-07-22T19:07:54+0000: [libs]: libbpf: failed to determine tracepoint 'syscalls/sys_enter_creat' perf event ID: No such file or directory
2026-07-22T19:07:54+0000: [libs]: libbpf: prog 'creat_e': failed to create tracepoint 'syscalls/sys_enter_creat' perf event: No such file or directory
2026-07-22T19:07:54+0000: [libs]: libpman: failure while attaching TOCTOU mitigation program for 'creat' system call. Detection will continue to work, but TOCTOU mitigation may not properly work (errno: 2 | message: No such file or directory)
2026-07-22T19:07:54+0000: [libs]: libbpf: failed to determine tracepoint 'syscalls/sys_enter_open' perf event ID: No such file or directory
2026-07-22T19:07:54+0000: [libs]: libbpf: prog 'open_e': failed to create tracepoint 'syscalls/sys_enter_open' perf event: No such file or directory
2026-07-22T19:07:54+0000: [libs]: libpman: failure while attaching TOCTOU mitigation program for 'open' system call. Detection will continue to work, but TOCTOU mitigation may not properly work (errno: 2 | message: No such file or directory)
2026-07-22T19:07:54+0000: [libs]: libbpf: failed to determine tracepoint 'syscalls/sys_enter_openat2' perf event ID: No such file or directory
2026-07-22T19:07:54+0000: [libs]: libbpf: prog 'openat2_e': failed to create tracepoint 'syscalls/sys_enter_openat2' perf event: No such file or directory
2026-07-22T19:07:54+0000: [libs]: libpman: failure while attaching TOCTOU mitigation program for 'openat2' system call. Detection will continue to work, but TOCTOU mitigation may not properly work (errno: 2 | message: No such file or director
2026-07-22T19:07:54+0000: [libs]: libbpf: failed to determine tracepoint 'syscalls/sys_enter_openat' perf event ID: No such file or directory
2026-07-22T19:07:54+0000: [libs]: libbpf: prog 'openat_e': failed to create tracepoint 'syscalls/sys_enter_openat' perf event: No such file or directory
2026-07-22T19:07:54+0000: [libs]: libpman: failure while attaching TOCTOU mitigation program for 'openat' system call. Detection will continue to work, but TOCTOU mitigation may not properly work (errno: 2 | message: No such file or directory
Events detected: 0
Rule counts by severity:
Triggered rules by rule name:
{"hostname":"6e60392e6b7d","output":"2026-07-22T19:08:13.624587086+0000: Critical \"Possible cryptominer detected (container=lab9-target\n proc=nc cmdline=nc -w 2 127.0.0.1 3333\n user=root)\" container_id=efccd9b43968 container_name=lab9-target container_image_repository=alpine container_image_tag=3.20 k8s_pod_name=<NA> k8s_ns_name=<NA>","output_fields":{"container.id":"efccd9b43968","container.image.repository":"alpine","container.image.tag":"3.20","container.name":"lab9-target","evt.time.iso8601":1784747293624587086,"k8s.ns.name":null,"k8s.pod.name":null,"proc.cmdline":"nc -w 2 127.0.0.1 3333","proc.name":"nc","user.name":"root"},"priority":"Critical","rule":"Possible Cryptominer Activity","source":"syscall","tags":["container","mitre_command_and_control","mitre_execution"],"time":"2026-07-22T19:08:13.624587086Z"}
{"hostname":"6e60392e6b7d","output":"2026-07-22T19:16:09.769793220+0000: Warning Sensitive file opened for reading by non-trusted program | file=/etc/shadow gparent=systemd ggparent=<NA> gggparent=<NA> evt_type=openat user=root user_uid=0 user_loginuid=-1 process=systemd-userwor proc_exepath=/usr/lib/systemd/systemd-userwork parent=systemd-userdbd command=systemd-userwor xxxxxxxxxxxxxxxx terminal=0 container_id=host container_name=host container_image_repository= container_image_tag= k8s_pod_name=<NA> k8s_ns_name=<NA>","output_fields":{"container.id":"host","container.image.repository":"","container.image.tag":"","container.name":"host","evt.time.iso8601":1784747769769793220,"evt.type":"openat","fd.name":"/etc/shadow","k8s.ns.name":null,"k8s.pod.name":null,"proc.aname[2]":"systemd","proc.aname[3]":null,"proc.aname[4]":null,"proc.cmdline":"systemd-userwor xxxxxxxxxxxxxxxx","proc.exepath":"/usr/lib/systemd/systemd-userwork","proc.name":"systemd-userwor","proc.pname":"systemd-userdbd","proc.tty":0,"user.loginuid":-1,"user.name":"root","user.uid":0},"priority":"Warning","rule":"Read sensitive file untrusted","source":"syscall","tags":["T1555","container","filesystem","host","maturity_stable","mitre_credential_access"],"time":"2026-07-22T19:16:09.769793220Z"}
2026-07-22T19:18:03+0000: [libs]: could not parse param 2 (name) for event 3253824 of type 307 (openat), for tid 435062: expected length 2, found 95
2026-07-22T19:18:03+0000: [libs]: parameter raw data: 
000 | 04 00 08 00 08 00 08 00 08 00 08 00 08 00 04 00 
010 | 0e 00 08 00 04 00 28 00 6c 61 6e 67 2e 6f 72 67 
020 | 2f 74 6f 6f 6c 63 68 61 69 6e 40 76 30 2e 30 2e 
030 | 31 2d 67 6f 31 2e 32 35 2e 38 2e 6c 69 6e 75 78 
040 | 2d 61 6d 64 36 34 2f 73 72 63 2f 65 6e 63 6f 64 
050 | 69 6e 67 2f 68 65 78 2f 68 65 78 2e 67 6f 00 
Error: could not parse param 2 (name) for event 3253824 of type 307 (openat), for tid 435062: expected length 2, found 95
Events detected: 2
Rule counts by severity:
   CRITICAL: 1
   WARNING: 1
Triggered rules by rule name:
   Read sensitive file untrusted: 1
   Possible Cryptominer Activity: 1
